// Jest Snapshot v1, https://goo.gl/fbAQLP

exports[`render correctly 1`] = `
<div
  className="MuiPaper-root-9 MuiPaper-elevation0-11 MuiMobileStepper-root-1 MuiMobileStepper-positionBottom-2"
  type="progress"
>
  <div
    className="MuiMobileStepper-dots-5"
  >
    <div
      className="MuiMobileStepper-dot-6"
    />
    <div
      className="MuiMobileStepper-dot-6"
    />
    <div
      className="MuiMobileStepper-dot-6"
    />
    <div
      className="MuiMobileStepper-dot-6 MuiMobileStepper-dotActive-7"
    />
    <div
      className="MuiMobileStepper-dot-6"
    />
    <div
      className="MuiMobileStepper-dot-6"
    />
  </div>
</div>
`;
