// Jest Snapshot v1, https://goo.gl/fbAQLP

exports[`render correctly 1`] = `
<div
  className="MuiPaper-root-9 MuiPaper-shadow0-11 MuiMobileStepper-root-1 MuiMobileStepper-positionBottom-2"
>
  <div
    className="MuiMobileStepper-progress-8"
  >
    <div
      aria-valuenow={60}
      className="MuiLinearProgress-root-36 MuiLinearProgress-primaryColor-37"
    >
      <div
        className="MuiLinearProgress-bar-43 MuiLinearProgress-primaryColorBar-38 MuiLinearProgress-determinateBar1-50"
        style={
          Object {
            "transform": "scaleX(0.6)",
          }
        }
      />
    </div>
  </div>
</div>
`;
